/home/victor/STM32CubeIDE/lrwan_v2.1.0_lora/Projects/NUCLEO-L073RZ/Applications/LoRaWAN/LoRaWAN_AT_Master/LoRaWAN/App/lora_driver.c:164:11:Lora_Init	24	static
/home/victor/STM32CubeIDE/lrwan_v2.1.0_lora/Projects/NUCLEO-L073RZ/Applications/LoRaWAN/LoRaWAN_AT_Master/LoRaWAN/App/lora_driver.c:189:6:Lora_Reset	8	static
/home/victor/STM32CubeIDE/lrwan_v2.1.0_lora/Projects/NUCLEO-L073RZ/Applications/LoRaWAN/LoRaWAN_AT_Master/LoRaWAN/App/lora_driver.c:202:12:Lora_Join	64	static
/home/victor/STM32CubeIDE/lrwan_v2.1.0_lora/Projects/NUCLEO-L073RZ/Applications/LoRaWAN/LoRaWAN_AT_Master/LoRaWAN/App/lora_driver.c:392:12:Lora_SetDefault	24	static
/home/victor/STM32CubeIDE/lrwan_v2.1.0_lora/Projects/NUCLEO-L073RZ/Applications/LoRaWAN/LoRaWAN_AT_Master/LoRaWAN/App/lora_driver.c:448:12:Lora_SetJoinMode	32	static
/home/victor/STM32CubeIDE/lrwan_v2.1.0_lora/Projects/NUCLEO-L073RZ/Applications/LoRaWAN/LoRaWAN_AT_Master/LoRaWAN/App/lora_driver.c:464:12:Lora_GetJoinMode	32	static
/home/victor/STM32CubeIDE/lrwan_v2.1.0_lora/Projects/NUCLEO-L073RZ/Applications/LoRaWAN/LoRaWAN_AT_Master/LoRaWAN/App/lora_driver.c:532:12:LoRa_SetKey	32	static
/home/victor/STM32CubeIDE/lrwan_v2.1.0_lora/Projects/NUCLEO-L073RZ/Applications/LoRaWAN/LoRaWAN_AT_Master/LoRaWAN/App/lora_driver.c:546:12:LoRa_GetKey	136	static
/home/victor/STM32CubeIDE/lrwan_v2.1.0_lora/Projects/NUCLEO-L073RZ/Applications/LoRaWAN/LoRaWAN_AT_Master/LoRaWAN/App/lora_driver.c:572:12:LoRa_SetAppID	32	static
/home/victor/STM32CubeIDE/lrwan_v2.1.0_lora/Projects/NUCLEO-L073RZ/Applications/LoRaWAN/LoRaWAN_AT_Master/LoRaWAN/App/lora_driver.c:586:12:LoRa_GetAppID	32	static
/home/victor/STM32CubeIDE/lrwan_v2.1.0_lora/Projects/NUCLEO-L073RZ/Applications/LoRaWAN/LoRaWAN_AT_Master/LoRaWAN/App/lora_driver.c:639:12:LoRa_SetDeviceID	32	static
/home/victor/STM32CubeIDE/lrwan_v2.1.0_lora/Projects/NUCLEO-L073RZ/Applications/LoRaWAN/LoRaWAN_AT_Master/LoRaWAN/App/lora_driver.c:652:12:LoRa_GetDeviceID	32	static
/home/victor/STM32CubeIDE/lrwan_v2.1.0_lora/Projects/NUCLEO-L073RZ/Applications/LoRaWAN/LoRaWAN_AT_Master/LoRaWAN/App/lora_driver.c:707:12:LoRa_SetDeviceAddress	32	static
/home/victor/STM32CubeIDE/lrwan_v2.1.0_lora/Projects/NUCLEO-L073RZ/Applications/LoRaWAN/LoRaWAN_AT_Master/LoRaWAN/App/lora_driver.c:720:12:LoRa_GetDeviceAddress	32	static
/home/victor/STM32CubeIDE/lrwan_v2.1.0_lora/Projects/NUCLEO-L073RZ/Applications/LoRaWAN/LoRaWAN_AT_Master/LoRaWAN/App/lora_driver.c:757:12:LoRa_SetNetworkID	32	static
/home/victor/STM32CubeIDE/lrwan_v2.1.0_lora/Projects/NUCLEO-L073RZ/Applications/LoRaWAN/LoRaWAN_AT_Master/LoRaWAN/App/lora_driver.c:771:12:LoRa_GetNetworkID	48	static
/home/victor/STM32CubeIDE/lrwan_v2.1.0_lora/Projects/NUCLEO-L073RZ/Applications/LoRaWAN/LoRaWAN_AT_Master/LoRaWAN/App/lora_driver.c:798:12:Lora_SetAdaptiveDataRate	32	static
/home/victor/STM32CubeIDE/lrwan_v2.1.0_lora/Projects/NUCLEO-L073RZ/Applications/LoRaWAN/LoRaWAN_AT_Master/LoRaWAN/App/lora_driver.c:812:12:Lora_GetAdaptiveDataRate	32	static
/home/victor/STM32CubeIDE/lrwan_v2.1.0_lora/Projects/NUCLEO-L073RZ/Applications/LoRaWAN/LoRaWAN_AT_Master/LoRaWAN/App/lora_driver.c:825:12:Lora_SetClass	32	static
/home/victor/STM32CubeIDE/lrwan_v2.1.0_lora/Projects/NUCLEO-L073RZ/Applications/LoRaWAN/LoRaWAN_AT_Master/LoRaWAN/App/lora_driver.c:839:12:Lora_GetClass	32	static
/home/victor/STM32CubeIDE/lrwan_v2.1.0_lora/Projects/NUCLEO-L073RZ/Applications/LoRaWAN/LoRaWAN_AT_Master/LoRaWAN/App/lora_driver.c:853:12:Lora_SetDutyCycle	32	static
/home/victor/STM32CubeIDE/lrwan_v2.1.0_lora/Projects/NUCLEO-L073RZ/Applications/LoRaWAN/LoRaWAN_AT_Master/LoRaWAN/App/lora_driver.c:868:12:Lora_GetDutyCycle	32	static
/home/victor/STM32CubeIDE/lrwan_v2.1.0_lora/Projects/NUCLEO-L073RZ/Applications/LoRaWAN/LoRaWAN_AT_Master/LoRaWAN/App/lora_driver.c:882:12:Lora_SetDataRate	32	static
/home/victor/STM32CubeIDE/lrwan_v2.1.0_lora/Projects/NUCLEO-L073RZ/Applications/LoRaWAN/LoRaWAN_AT_Master/LoRaWAN/App/lora_driver.c:896:12:Lora_GetDataRate	32	static
/home/victor/STM32CubeIDE/lrwan_v2.1.0_lora/Projects/NUCLEO-L073RZ/Applications/LoRaWAN/LoRaWAN_AT_Master/LoRaWAN/App/lora_driver.c:909:12:LoRa_SetFrameCounter	32	static
/home/victor/STM32CubeIDE/lrwan_v2.1.0_lora/Projects/NUCLEO-L073RZ/Applications/LoRaWAN/LoRaWAN_AT_Master/LoRaWAN/App/lora_driver.c:923:12:LoRa_GetFrameCounter	32	static
/home/victor/STM32CubeIDE/lrwan_v2.1.0_lora/Projects/NUCLEO-L073RZ/Applications/LoRaWAN/LoRaWAN_AT_Master/LoRaWAN/App/lora_driver.c:949:12:LoRa_SetJoinDelayRxWind	32	static
/home/victor/STM32CubeIDE/lrwan_v2.1.0_lora/Projects/NUCLEO-L073RZ/Applications/LoRaWAN/LoRaWAN_AT_Master/LoRaWAN/App/lora_driver.c:964:12:LoRa_GetJoinDelayRxWind	32	static
/home/victor/STM32CubeIDE/lrwan_v2.1.0_lora/Projects/NUCLEO-L073RZ/Applications/LoRaWAN/LoRaWAN_AT_Master/LoRaWAN/App/lora_driver.c:985:12:Lora_SetPublicNetworkMode	32	static
/home/victor/STM32CubeIDE/lrwan_v2.1.0_lora/Projects/NUCLEO-L073RZ/Applications/LoRaWAN/LoRaWAN_AT_Master/LoRaWAN/App/lora_driver.c:998:12:Lora_GetPublicNetworkMode	32	static
/home/victor/STM32CubeIDE/lrwan_v2.1.0_lora/Projects/NUCLEO-L073RZ/Applications/LoRaWAN/LoRaWAN_AT_Master/LoRaWAN/App/lora_driver.c:1012:12:LoRa_SetDelayRxWind	32	static
/home/victor/STM32CubeIDE/lrwan_v2.1.0_lora/Projects/NUCLEO-L073RZ/Applications/LoRaWAN/LoRaWAN_AT_Master/LoRaWAN/App/lora_driver.c:1027:12:LoRa_GetDelayRxWind	32	static
/home/victor/STM32CubeIDE/lrwan_v2.1.0_lora/Projects/NUCLEO-L073RZ/Applications/LoRaWAN/LoRaWAN_AT_Master/LoRaWAN/App/lora_driver.c:1052:12:LoRa_SetFreqRxWind2	32	static
/home/victor/STM32CubeIDE/lrwan_v2.1.0_lora/Projects/NUCLEO-L073RZ/Applications/LoRaWAN/LoRaWAN_AT_Master/LoRaWAN/App/lora_driver.c:1066:12:LoRa_GetFreqRxWind2	32	static
/home/victor/STM32CubeIDE/lrwan_v2.1.0_lora/Projects/NUCLEO-L073RZ/Applications/LoRaWAN/LoRaWAN_AT_Master/LoRaWAN/App/lora_driver.c:1088:12:Lora_SetTxPower	32	static
/home/victor/STM32CubeIDE/lrwan_v2.1.0_lora/Projects/NUCLEO-L073RZ/Applications/LoRaWAN/LoRaWAN_AT_Master/LoRaWAN/App/lora_driver.c:1101:12:Lora_GetTxPower	32	static
/home/victor/STM32CubeIDE/lrwan_v2.1.0_lora/Projects/NUCLEO-L073RZ/Applications/LoRaWAN/LoRaWAN_AT_Master/LoRaWAN/App/lora_driver.c:1113:12:Lora_SetDataRateRxWind2	32	static
/home/victor/STM32CubeIDE/lrwan_v2.1.0_lora/Projects/NUCLEO-L073RZ/Applications/LoRaWAN/LoRaWAN_AT_Master/LoRaWAN/App/lora_driver.c:1127:12:Lora_GetDataRateRxWind2	32	static
/home/victor/STM32CubeIDE/lrwan_v2.1.0_lora/Projects/NUCLEO-L073RZ/Applications/LoRaWAN/LoRaWAN_AT_Master/LoRaWAN/App/lora_driver.c:1141:12:Lora_SetDeviceBand	32	static
/home/victor/STM32CubeIDE/lrwan_v2.1.0_lora/Projects/NUCLEO-L073RZ/Applications/LoRaWAN/LoRaWAN_AT_Master/LoRaWAN/App/lora_driver.c:1158:12:Lora_SetRxWind2	96	static
/home/victor/STM32CubeIDE/lrwan_v2.1.0_lora/Projects/NUCLEO-L073RZ/Applications/LoRaWAN/LoRaWAN_AT_Master/LoRaWAN/App/lora_driver.c:1181:12:Lora_SetPort	32	static
/home/victor/STM32CubeIDE/lrwan_v2.1.0_lora/Projects/NUCLEO-L073RZ/Applications/LoRaWAN/LoRaWAN_AT_Master/LoRaWAN/App/lora_driver.c:1194:12:Lora_GetLwLEN	32	static
/home/victor/STM32CubeIDE/lrwan_v2.1.0_lora/Projects/NUCLEO-L073RZ/Applications/LoRaWAN/LoRaWAN_AT_Master/LoRaWAN/App/lora_driver.c:1219:12:Lora_GetBatLevel	32	static
/home/victor/STM32CubeIDE/lrwan_v2.1.0_lora/Projects/NUCLEO-L073RZ/Applications/LoRaWAN/LoRaWAN_AT_Master/LoRaWAN/App/lora_driver.c:1265:12:Lora_SendData	32	static
/home/victor/STM32CubeIDE/lrwan_v2.1.0_lora/Projects/NUCLEO-L073RZ/Applications/LoRaWAN/LoRaWAN_AT_Master/LoRaWAN/App/lora_driver.c:1281:12:Lora_SendDataBin	32	static
/home/victor/STM32CubeIDE/lrwan_v2.1.0_lora/Projects/NUCLEO-L073RZ/Applications/LoRaWAN/LoRaWAN_AT_Master/LoRaWAN/App/lora_driver.c:1304:19:Lora_Send	48	static
/home/victor/STM32CubeIDE/lrwan_v2.1.0_lora/Projects/NUCLEO-L073RZ/Applications/LoRaWAN/LoRaWAN_AT_Master/LoRaWAN/App/lora_driver.c:1394:12:Lora_ReceiveData	48	static
/home/victor/STM32CubeIDE/lrwan_v2.1.0_lora/Projects/NUCLEO-L073RZ/Applications/LoRaWAN/LoRaWAN_AT_Master/LoRaWAN/App/lora_driver.c:1786:12:Lora_SleepMode	32	static
/home/victor/STM32CubeIDE/lrwan_v2.1.0_lora/Projects/NUCLEO-L073RZ/Applications/LoRaWAN/LoRaWAN_AT_Master/LoRaWAN/App/lora_driver.c:1802:12:Lora_SetWDT	32	static
/home/victor/STM32CubeIDE/lrwan_v2.1.0_lora/Projects/NUCLEO-L073RZ/Applications/LoRaWAN/LoRaWAN_AT_Master/LoRaWAN/App/lora_driver.c:1915:6:Lora_fsm	72	static
/home/victor/STM32CubeIDE/lrwan_v2.1.0_lora/Projects/NUCLEO-L073RZ/Applications/LoRaWAN/LoRaWAN_AT_Master/LoRaWAN/App/lora_driver.c:2251:6:Lora_Ctx_Init	16	static
/home/victor/STM32CubeIDE/lrwan_v2.1.0_lora/Projects/NUCLEO-L073RZ/Applications/LoRaWAN/LoRaWAN_AT_Master/LoRaWAN/App/lora_driver.c:2314:15:lora_getDeviceState	8	static
/home/victor/STM32CubeIDE/lrwan_v2.1.0_lora/Projects/NUCLEO-L073RZ/Applications/LoRaWAN/LoRaWAN_AT_Master/LoRaWAN/App/lora_driver.c:2328:13:Lora_OnNextSensorMeasureTimerEvt	16	static
/home/victor/STM32CubeIDE/lrwan_v2.1.0_lora/Projects/NUCLEO-L073RZ/Applications/LoRaWAN/LoRaWAN_AT_Master/LoRaWAN/App/lora_driver.c:2356:13:Lora_OnJoinStatusDelayTimerEvt	16	static
/home/victor/STM32CubeIDE/lrwan_v2.1.0_lora/Projects/NUCLEO-L073RZ/Applications/LoRaWAN/LoRaWAN_AT_Master/LoRaWAN/App/lora_driver.c:2370:13:Lora_OnLedTimerEvent	16	static
