/home/victor/STM32CubeIDE/lrwan_v2.1.0_lora/Drivers/BSP/LRWAN_NS1/lrwan_ns1_pressure.c:84:18:BSP_PRESSURE_Init	16	static
/home/victor/STM32CubeIDE/lrwan_v2.1.0_lora/Drivers/BSP/LRWAN_NS1/lrwan_ns1_pressure.c:145:25:BSP_LPS25HB_PRESSURE_Init	24	static
/home/victor/STM32CubeIDE/lrwan_v2.1.0_lora/Drivers/BSP/LRWAN_NS1/lrwan_ns1_pressure.c:225:25:BSP_LPS22HB_PRESSURE_Init	24	static
/home/victor/STM32CubeIDE/lrwan_v2.1.0_lora/Drivers/BSP/LRWAN_NS1/lrwan_ns1_pressure.c:286:18:BSP_PRESSURE_DeInit	24	static
/home/victor/STM32CubeIDE/lrwan_v2.1.0_lora/Drivers/BSP/LRWAN_NS1/lrwan_ns1_pressure.c:322:18:BSP_PRESSURE_Sensor_Enable	24	static
/home/victor/STM32CubeIDE/lrwan_v2.1.0_lora/Drivers/BSP/LRWAN_NS1/lrwan_ns1_pressure.c:355:18:BSP_PRESSURE_Sensor_Disable	24	static
/home/victor/STM32CubeIDE/lrwan_v2.1.0_lora/Drivers/BSP/LRWAN_NS1/lrwan_ns1_pressure.c:389:18:BSP_PRESSURE_IsInitialized	24	static
/home/victor/STM32CubeIDE/lrwan_v2.1.0_lora/Drivers/BSP/LRWAN_NS1/lrwan_ns1_pressure.c:416:18:BSP_PRESSURE_IsEnabled	24	static
/home/victor/STM32CubeIDE/lrwan_v2.1.0_lora/Drivers/BSP/LRWAN_NS1/lrwan_ns1_pressure.c:443:18:BSP_PRESSURE_IsCombo	24	static
/home/victor/STM32CubeIDE/lrwan_v2.1.0_lora/Drivers/BSP/LRWAN_NS1/lrwan_ns1_pressure.c:470:18:BSP_PRESSURE_Get_Instance	24	static
/home/victor/STM32CubeIDE/lrwan_v2.1.0_lora/Drivers/BSP/LRWAN_NS1/lrwan_ns1_pressure.c:497:18:BSP_PRESSURE_Get_WhoAmI	24	static
/home/victor/STM32CubeIDE/lrwan_v2.1.0_lora/Drivers/BSP/LRWAN_NS1/lrwan_ns1_pressure.c:533:18:BSP_PRESSURE_Check_WhoAmI	24	static
/home/victor/STM32CubeIDE/lrwan_v2.1.0_lora/Drivers/BSP/LRWAN_NS1/lrwan_ns1_pressure.c:566:18:BSP_PRESSURE_Get_Press	24	static
/home/victor/STM32CubeIDE/lrwan_v2.1.0_lora/Drivers/BSP/LRWAN_NS1/lrwan_ns1_pressure.c:603:18:BSP_PRESSURE_Get_ODR	24	static
/home/victor/STM32CubeIDE/lrwan_v2.1.0_lora/Drivers/BSP/LRWAN_NS1/lrwan_ns1_pressure.c:640:18:BSP_PRESSURE_Set_ODR	24	static
/home/victor/STM32CubeIDE/lrwan_v2.1.0_lora/Drivers/BSP/LRWAN_NS1/lrwan_ns1_pressure.c:673:18:BSP_PRESSURE_Set_ODR_Value	24	static
/home/victor/STM32CubeIDE/lrwan_v2.1.0_lora/Drivers/BSP/LRWAN_NS1/lrwan_ns1_pressure.c:707:18:BSP_PRESSURE_Read_Reg	40	static
/home/victor/STM32CubeIDE/lrwan_v2.1.0_lora/Drivers/BSP/LRWAN_NS1/lrwan_ns1_pressure.c:748:18:BSP_PRESSURE_Write_Reg	32	static
/home/victor/STM32CubeIDE/lrwan_v2.1.0_lora/Drivers/BSP/LRWAN_NS1/lrwan_ns1_pressure.c:783:18:BSP_PRESSURE_Get_DRDY_Status	24	static
/home/victor/STM32CubeIDE/lrwan_v2.1.0_lora/Drivers/BSP/LRWAN_NS1/lrwan_ns1_pressure.c:818:18:BSP_PRESSURE_FIFO_Get_Fth_Status_Ext	24	static
/home/victor/STM32CubeIDE/lrwan_v2.1.0_lora/Drivers/BSP/LRWAN_NS1/lrwan_ns1_pressure.c:868:18:BSP_PRESSURE_FIFO_Get_Full_Status_Ext	24	static
/home/victor/STM32CubeIDE/lrwan_v2.1.0_lora/Drivers/BSP/LRWAN_NS1/lrwan_ns1_pressure.c:919:18:BSP_PRESSURE_FIFO_Get_Ovr_Status_Ext	24	static
/home/victor/STM32CubeIDE/lrwan_v2.1.0_lora/Drivers/BSP/LRWAN_NS1/lrwan_ns1_pressure.c:971:18:BSP_PRESSURE_FIFO_Get_Data_Ext	32	static
/home/victor/STM32CubeIDE/lrwan_v2.1.0_lora/Drivers/BSP/LRWAN_NS1/lrwan_ns1_pressure.c:1022:18:BSP_PRESSURE_FIFO_Get_Num_Of_Samples_Ext	24	static
/home/victor/STM32CubeIDE/lrwan_v2.1.0_lora/Drivers/BSP/LRWAN_NS1/lrwan_ns1_pressure.c:1073:18:BSP_PRESSURE_FIFO_Set_Mode_Ext	24	static
/home/victor/STM32CubeIDE/lrwan_v2.1.0_lora/Drivers/BSP/LRWAN_NS1/lrwan_ns1_pressure.c:1119:18:BSP_PRESSURE_FIFO_Set_Interrupt_Ext	24	static
/home/victor/STM32CubeIDE/lrwan_v2.1.0_lora/Drivers/BSP/LRWAN_NS1/lrwan_ns1_pressure.c:1165:18:BSP_PRESSURE_FIFO_Reset_Interrupt_Ext	24	static
/home/victor/STM32CubeIDE/lrwan_v2.1.0_lora/Drivers/BSP/LRWAN_NS1/lrwan_ns1_pressure.c:1211:18:BSP_PRESSURE_FIFO_Set_Watermark_Level_Ext	24	static
/home/victor/STM32CubeIDE/lrwan_v2.1.0_lora/Drivers/BSP/LRWAN_NS1/lrwan_ns1_pressure.c:1257:18:BSP_PRESSURE_FIFO_Stop_On_Fth_Ext	24	static
/home/victor/STM32CubeIDE/lrwan_v2.1.0_lora/Drivers/BSP/LRWAN_NS1/lrwan_ns1_pressure.c:1303:18:BSP_PRESSURE_FIFO_Usage_Ext	24	static
