/home/victor/STM32CubeIDE/lrwan_v2.1.0_lora/Drivers/BSP/LRWAN_NS1/lrwan_ns1_temperature.c:75:18:BSP_TEMPERATURE_Init	16	static
/home/victor/STM32CubeIDE/lrwan_v2.1.0_lora/Drivers/BSP/LRWAN_NS1/lrwan_ns1_temperature.c:148:25:BSP_HTS221_TEMPERATURE_Init	24	static
/home/victor/STM32CubeIDE/lrwan_v2.1.0_lora/Drivers/BSP/LRWAN_NS1/lrwan_ns1_temperature.c:208:25:BSP_LPS25HB_TEMPERATURE_Init	24	static
/home/victor/STM32CubeIDE/lrwan_v2.1.0_lora/Drivers/BSP/LRWAN_NS1/lrwan_ns1_temperature.c:288:25:BSP_LPS22HB_TEMPERATURE_Init	24	static
/home/victor/STM32CubeIDE/lrwan_v2.1.0_lora/Drivers/BSP/LRWAN_NS1/lrwan_ns1_temperature.c:349:18:BSP_TEMPERATURE_DeInit	24	static
/home/victor/STM32CubeIDE/lrwan_v2.1.0_lora/Drivers/BSP/LRWAN_NS1/lrwan_ns1_temperature.c:385:18:BSP_TEMPERATURE_Sensor_Enable	24	static
/home/victor/STM32CubeIDE/lrwan_v2.1.0_lora/Drivers/BSP/LRWAN_NS1/lrwan_ns1_temperature.c:418:18:BSP_TEMPERATURE_Sensor_Disable	24	static
/home/victor/STM32CubeIDE/lrwan_v2.1.0_lora/Drivers/BSP/LRWAN_NS1/lrwan_ns1_temperature.c:452:18:BSP_TEMPERATURE_IsInitialized	24	static
/home/victor/STM32CubeIDE/lrwan_v2.1.0_lora/Drivers/BSP/LRWAN_NS1/lrwan_ns1_temperature.c:479:18:BSP_TEMPERATURE_IsEnabled	24	static
/home/victor/STM32CubeIDE/lrwan_v2.1.0_lora/Drivers/BSP/LRWAN_NS1/lrwan_ns1_temperature.c:506:18:BSP_TEMPERATURE_IsCombo	24	static
/home/victor/STM32CubeIDE/lrwan_v2.1.0_lora/Drivers/BSP/LRWAN_NS1/lrwan_ns1_temperature.c:533:18:BSP_TEMPERATURE_Get_Instance	24	static
/home/victor/STM32CubeIDE/lrwan_v2.1.0_lora/Drivers/BSP/LRWAN_NS1/lrwan_ns1_temperature.c:561:18:BSP_TEMPERATURE_Get_WhoAmI	24	static
/home/victor/STM32CubeIDE/lrwan_v2.1.0_lora/Drivers/BSP/LRWAN_NS1/lrwan_ns1_temperature.c:597:18:BSP_TEMPERATURE_Check_WhoAmI	24	static
/home/victor/STM32CubeIDE/lrwan_v2.1.0_lora/Drivers/BSP/LRWAN_NS1/lrwan_ns1_temperature.c:630:18:BSP_TEMPERATURE_Get_Temp	24	static
/home/victor/STM32CubeIDE/lrwan_v2.1.0_lora/Drivers/BSP/LRWAN_NS1/lrwan_ns1_temperature.c:667:18:BSP_TEMPERATURE_Get_ODR	24	static
/home/victor/STM32CubeIDE/lrwan_v2.1.0_lora/Drivers/BSP/LRWAN_NS1/lrwan_ns1_temperature.c:704:18:BSP_TEMPERATURE_Set_ODR	24	static
/home/victor/STM32CubeIDE/lrwan_v2.1.0_lora/Drivers/BSP/LRWAN_NS1/lrwan_ns1_temperature.c:737:18:BSP_TEMPERATURE_Set_ODR_Value	24	static
/home/victor/STM32CubeIDE/lrwan_v2.1.0_lora/Drivers/BSP/LRWAN_NS1/lrwan_ns1_temperature.c:771:18:BSP_TEMPERATURE_Read_Reg	40	static
/home/victor/STM32CubeIDE/lrwan_v2.1.0_lora/Drivers/BSP/LRWAN_NS1/lrwan_ns1_temperature.c:811:18:BSP_TEMPERATURE_Write_Reg	32	static
/home/victor/STM32CubeIDE/lrwan_v2.1.0_lora/Drivers/BSP/LRWAN_NS1/lrwan_ns1_temperature.c:845:18:BSP_TEMPERATURE_Get_DRDY_Status	24	static
/home/victor/STM32CubeIDE/lrwan_v2.1.0_lora/Drivers/BSP/LRWAN_NS1/lrwan_ns1_temperature.c:879:18:BSP_TEMPERATURE_FIFO_Get_Fth_Status_Ext	24	static
/home/victor/STM32CubeIDE/lrwan_v2.1.0_lora/Drivers/BSP/LRWAN_NS1/lrwan_ns1_temperature.c:929:18:BSP_TEMPERATURE_FIFO_Get_Full_Status_Ext	24	static
/home/victor/STM32CubeIDE/lrwan_v2.1.0_lora/Drivers/BSP/LRWAN_NS1/lrwan_ns1_temperature.c:980:18:BSP_TEMPERATURE_FIFO_Get_Ovr_Status_Ext	24	static
/home/victor/STM32CubeIDE/lrwan_v2.1.0_lora/Drivers/BSP/LRWAN_NS1/lrwan_ns1_temperature.c:1032:18:BSP_TEMPERATURE_FIFO_Get_Data_Ext	32	static
/home/victor/STM32CubeIDE/lrwan_v2.1.0_lora/Drivers/BSP/LRWAN_NS1/lrwan_ns1_temperature.c:1083:18:BSP_TEMPERATURE_FIFO_Get_Num_Of_Samples_Ext	24	static
/home/victor/STM32CubeIDE/lrwan_v2.1.0_lora/Drivers/BSP/LRWAN_NS1/lrwan_ns1_temperature.c:1134:18:BSP_TEMPERATURE_FIFO_Set_Mode_Ext	24	static
/home/victor/STM32CubeIDE/lrwan_v2.1.0_lora/Drivers/BSP/LRWAN_NS1/lrwan_ns1_temperature.c:1180:18:BSP_TEMPERATURE_FIFO_Set_Interrupt_Ext	24	static
/home/victor/STM32CubeIDE/lrwan_v2.1.0_lora/Drivers/BSP/LRWAN_NS1/lrwan_ns1_temperature.c:1226:18:BSP_TEMPERATURE_FIFO_Reset_Interrupt_Ext	24	static
/home/victor/STM32CubeIDE/lrwan_v2.1.0_lora/Drivers/BSP/LRWAN_NS1/lrwan_ns1_temperature.c:1272:18:BSP_TEMPERATURE_FIFO_Set_Watermark_Level_Ext	24	static
/home/victor/STM32CubeIDE/lrwan_v2.1.0_lora/Drivers/BSP/LRWAN_NS1/lrwan_ns1_temperature.c:1318:18:BSP_TEMPERATURE_FIFO_Stop_On_Fth_Ext	24	static
/home/victor/STM32CubeIDE/lrwan_v2.1.0_lora/Drivers/BSP/LRWAN_NS1/lrwan_ns1_temperature.c:1364:18:BSP_TEMPERATURE_FIFO_Usage_Ext	24	static
