/home/victor/STM32CubeIDE/lrwan_v2.1.0_lora/Drivers/BSP/LRWAN_NS1/lrwan_ns1_humidity.c:70:18:BSP_HUMIDITY_Init	16	static
/home/victor/STM32CubeIDE/lrwan_v2.1.0_lora/Drivers/BSP/LRWAN_NS1/lrwan_ns1_humidity.c:101:25:BSP_HTS221_HUMIDITY_Init	24	static
/home/victor/STM32CubeIDE/lrwan_v2.1.0_lora/Drivers/BSP/LRWAN_NS1/lrwan_ns1_humidity.c:159:18:BSP_HUMIDITY_DeInit	24	static
/home/victor/STM32CubeIDE/lrwan_v2.1.0_lora/Drivers/BSP/LRWAN_NS1/lrwan_ns1_humidity.c:197:18:BSP_HUMIDITY_Sensor_Enable	24	static
/home/victor/STM32CubeIDE/lrwan_v2.1.0_lora/Drivers/BSP/LRWAN_NS1/lrwan_ns1_humidity.c:231:18:BSP_HUMIDITY_Sensor_Disable	24	static
/home/victor/STM32CubeIDE/lrwan_v2.1.0_lora/Drivers/BSP/LRWAN_NS1/lrwan_ns1_humidity.c:265:18:BSP_HUMIDITY_IsInitialized	24	static
/home/victor/STM32CubeIDE/lrwan_v2.1.0_lora/Drivers/BSP/LRWAN_NS1/lrwan_ns1_humidity.c:292:18:BSP_HUMIDITY_IsEnabled	24	static
/home/victor/STM32CubeIDE/lrwan_v2.1.0_lora/Drivers/BSP/LRWAN_NS1/lrwan_ns1_humidity.c:319:18:BSP_HUMIDITY_IsCombo	24	static
/home/victor/STM32CubeIDE/lrwan_v2.1.0_lora/Drivers/BSP/LRWAN_NS1/lrwan_ns1_humidity.c:346:18:BSP_HUMIDITY_Get_Instance	24	static
/home/victor/STM32CubeIDE/lrwan_v2.1.0_lora/Drivers/BSP/LRWAN_NS1/lrwan_ns1_humidity.c:374:18:BSP_HUMIDITY_Get_WhoAmI	24	static
/home/victor/STM32CubeIDE/lrwan_v2.1.0_lora/Drivers/BSP/LRWAN_NS1/lrwan_ns1_humidity.c:411:18:BSP_HUMIDITY_Check_WhoAmI	24	static
/home/victor/STM32CubeIDE/lrwan_v2.1.0_lora/Drivers/BSP/LRWAN_NS1/lrwan_ns1_humidity.c:445:18:BSP_HUMIDITY_Get_Hum	24	static
/home/victor/STM32CubeIDE/lrwan_v2.1.0_lora/Drivers/BSP/LRWAN_NS1/lrwan_ns1_humidity.c:483:18:BSP_HUMIDITY_Get_ODR	24	static
/home/victor/STM32CubeIDE/lrwan_v2.1.0_lora/Drivers/BSP/LRWAN_NS1/lrwan_ns1_humidity.c:521:18:BSP_HUMIDITY_Set_ODR	24	static
/home/victor/STM32CubeIDE/lrwan_v2.1.0_lora/Drivers/BSP/LRWAN_NS1/lrwan_ns1_humidity.c:555:18:BSP_HUMIDITY_Set_ODR_Value	24	static
/home/victor/STM32CubeIDE/lrwan_v2.1.0_lora/Drivers/BSP/LRWAN_NS1/lrwan_ns1_humidity.c:589:18:BSP_HUMIDITY_Read_Reg	40	static
/home/victor/STM32CubeIDE/lrwan_v2.1.0_lora/Drivers/BSP/LRWAN_NS1/lrwan_ns1_humidity.c:630:18:BSP_HUMIDITY_Write_Reg	32	static
/home/victor/STM32CubeIDE/lrwan_v2.1.0_lora/Drivers/BSP/LRWAN_NS1/lrwan_ns1_humidity.c:665:18:BSP_HUMIDITY_Get_DRDY_Status	24	static
