/home/victor/STM32CubeIDE/lrwan_v2.1.0_lora/Drivers/BSP/LRWAN_NS1/lrwan_ns1_atcmd.c:171:20:atctl_parse	32	static
/home/victor/STM32CubeIDE/lrwan_v2.1.0_lora/Drivers/BSP/LRWAN_NS1/lrwan_ns1_atcmd.c:204:20:atctl_at	40	static
/home/victor/STM32CubeIDE/lrwan_v2.1.0_lora/Drivers/BSP/LRWAN_NS1/lrwan_ns1_atcmd.c:226:20:atctl_ver	48	static
/home/victor/STM32CubeIDE/lrwan_v2.1.0_lora/Drivers/BSP/LRWAN_NS1/lrwan_ns1_atcmd.c:244:20:atctl_vdd	56	static
/home/victor/STM32CubeIDE/lrwan_v2.1.0_lora/Drivers/BSP/LRWAN_NS1/lrwan_ns1_atcmd.c:268:20:atctl_mode	56	static
/home/victor/STM32CubeIDE/lrwan_v2.1.0_lora/Drivers/BSP/LRWAN_NS1/lrwan_ns1_atcmd.c:297:20:atctl_lw	48	static
/home/victor/STM32CubeIDE/lrwan_v2.1.0_lora/Drivers/BSP/LRWAN_NS1/lrwan_ns1_atcmd.c:335:20:atctl_delay	48	static
/home/victor/STM32CubeIDE/lrwan_v2.1.0_lora/Drivers/BSP/LRWAN_NS1/lrwan_ns1_atcmd.c:380:20:atctl_dr	56	static
/home/victor/STM32CubeIDE/lrwan_v2.1.0_lora/Drivers/BSP/LRWAN_NS1/lrwan_ns1_atcmd.c:417:20:atctl_id	96	static
/home/victor/STM32CubeIDE/lrwan_v2.1.0_lora/Drivers/BSP/LRWAN_NS1/lrwan_ns1_atcmd.c:464:20:atctl_join	88	static
/home/victor/STM32CubeIDE/lrwan_v2.1.0_lora/Drivers/BSP/LRWAN_NS1/lrwan_ns1_atcmd.c:520:20:atctl_msg	80	static
/home/victor/STM32CubeIDE/lrwan_v2.1.0_lora/Drivers/BSP/LRWAN_NS1/lrwan_ns1_atcmd.c:597:13:atctl_reset	8	static
/home/victor/STM32CubeIDE/lrwan_v2.1.0_lora/Drivers/BSP/LRWAN_NS1/lrwan_ns1_atcmd.c:610:13:atctl_rx_byte	16	static
/home/victor/STM32CubeIDE/lrwan_v2.1.0_lora/Drivers/BSP/LRWAN_NS1/lrwan_ns1_atcmd.c:665:12:atctl_buf	64	static
/home/victor/STM32CubeIDE/lrwan_v2.1.0_lora/Drivers/BSP/LRWAN_NS1/lrwan_ns1_atcmd.c:738:13:atctl_tx	312	static
/home/victor/STM32CubeIDE/lrwan_v2.1.0_lora/Drivers/BSP/LRWAN_NS1/lrwan_ns1_atcmd.c:816:13:atctl_rx	32	static,ignoring_inline_asm
/home/victor/STM32CubeIDE/lrwan_v2.1.0_lora/Drivers/BSP/LRWAN_NS1/lrwan_ns1_atcmd.c:882:19:Modem_IO_Init	8	static
/home/victor/STM32CubeIDE/lrwan_v2.1.0_lora/Drivers/BSP/LRWAN_NS1/lrwan_ns1_atcmd.c:900:6:Modem_IO_DeInit	8	static
/home/victor/STM32CubeIDE/lrwan_v2.1.0_lora/Drivers/BSP/LRWAN_NS1/lrwan_ns1_atcmd.c:913:13:Modem_AT_Cmd	40	static
/home/victor/STM32CubeIDE/lrwan_v2.1.0_lora/Drivers/BSP/LRWAN_NS1/lrwan_ns1_atcmd.c:993:16:at_cmd_format	184	static
/home/victor/STM32CubeIDE/lrwan_v2.1.0_lora/Drivers/BSP/LRWAN_NS1/lrwan_ns1_atcmd.c:1334:26:at_cmd_send	40	static
/home/victor/STM32CubeIDE/lrwan_v2.1.0_lora/Drivers/BSP/LRWAN_NS1/lrwan_ns1_atcmd.c:1348:19:at_printf_send	40	static
/home/victor/STM32CubeIDE/lrwan_v2.1.0_lora/Drivers/BSP/LRWAN_NS1/lrwan_ns1_atcmd.c:1362:13:at_cmd_receive_evt	32	static
/home/victor/STM32CubeIDE/lrwan_v2.1.0_lora/Drivers/BSP/LRWAN_NS1/lrwan_ns1_atcmd.c:1432:13:at_cmd_receive	40	static
/home/victor/STM32CubeIDE/lrwan_v2.1.0_lora/Drivers/BSP/LRWAN_NS1/lrwan_ns1_atcmd.c:1579:10:at_cmd_vprintf	32	static
