/home/victor/STM32CubeIDE/lrwan_v2.1.0_lora/Projects/NUCLEO-L073RZ/Applications/LoRaWAN/LoRaWAN_AT_Master/Core/Src/stm32_lpm_if.c:80:6:PWR_EnterOffMode	8	static
/home/victor/STM32CubeIDE/lrwan_v2.1.0_lora/Projects/NUCLEO-L073RZ/Applications/LoRaWAN/LoRaWAN_AT_Master/Core/Src/stm32_lpm_if.c:87:6:PWR_ExitOffMode	8	static
/home/victor/STM32CubeIDE/lrwan_v2.1.0_lora/Projects/NUCLEO-L073RZ/Applications/LoRaWAN/LoRaWAN_AT_Master/Core/Src/stm32_lpm_if.c:96:6:PWR_ExitSleepMode	8	static
/home/victor/STM32CubeIDE/lrwan_v2.1.0_lora/Projects/NUCLEO-L073RZ/Applications/LoRaWAN/LoRaWAN_AT_Master/Core/Src/stm32_lpm_if.c:118:6:PWR_EnterStopMode	24	static,ignoring_inline_asm
/home/victor/STM32CubeIDE/lrwan_v2.1.0_lora/Projects/NUCLEO-L073RZ/Applications/LoRaWAN/LoRaWAN_AT_Master/Core/Src/stm32_lpm_if.c:157:6:PWR_ExitStopMode	24	static,ignoring_inline_asm
/home/victor/STM32CubeIDE/lrwan_v2.1.0_lora/Projects/NUCLEO-L073RZ/Applications/LoRaWAN/LoRaWAN_AT_Master/Core/Src/stm32_lpm_if.c:193:6:PWR_EnterSleepMode	8	static
