/home/victor/STM32CubeIDE/lrwan_v2.1.0_lora/Projects/NUCLEO-L073RZ/Applications/LoRaWAN/LoRaWAN_AT_Master/Core/Src/sys_app.c:86:6:SystemApp_Init	8	static
/home/victor/STM32CubeIDE/lrwan_v2.1.0_lora/Projects/NUCLEO-L073RZ/Applications/LoRaWAN/LoRaWAN_AT_Master/Core/Src/sys_app.c:136:6:HW_IoInit	8	static
/home/victor/STM32CubeIDE/lrwan_v2.1.0_lora/Projects/NUCLEO-L073RZ/Applications/LoRaWAN/LoRaWAN_AT_Master/Core/Src/sys_app.c:165:6:HW_IoDeInit	8	static
/home/victor/STM32CubeIDE/lrwan_v2.1.0_lora/Projects/NUCLEO-L073RZ/Applications/LoRaWAN/LoRaWAN_AT_Master/Core/Src/sys_app.c:187:6:UTIL_SEQ_Idle	8	static
/home/victor/STM32CubeIDE/lrwan_v2.1.0_lora/Projects/NUCLEO-L073RZ/Applications/LoRaWAN/LoRaWAN_AT_Master/Core/Src/sys_app.c:198:9:GetBatteryLevel	24	static
/home/victor/STM32CubeIDE/lrwan_v2.1.0_lora/Projects/NUCLEO-L073RZ/Applications/LoRaWAN/LoRaWAN_AT_Master/Core/Src/sys_app.c:230:10:GetTemperatureLevel	16	static
/home/victor/STM32CubeIDE/lrwan_v2.1.0_lora/Projects/NUCLEO-L073RZ/Applications/LoRaWAN/LoRaWAN_AT_Master/Core/Src/sys_app.c:241:6:GetUniqueId	32	static
/home/victor/STM32CubeIDE/lrwan_v2.1.0_lora/Projects/NUCLEO-L073RZ/Applications/LoRaWAN/LoRaWAN_AT_Master/Core/Src/sys_app.c:263:10:GetDevAddr	16	static
/home/victor/STM32CubeIDE/lrwan_v2.1.0_lora/Projects/NUCLEO-L073RZ/Applications/LoRaWAN/LoRaWAN_AT_Master/Core/Src/sys_app.c:275:6:Gpio_PreInit	48	static
/home/victor/STM32CubeIDE/lrwan_v2.1.0_lora/Projects/NUCLEO-L073RZ/Applications/LoRaWAN/LoRaWAN_AT_Master/Core/Src/sys_app.c:311:6:UTIL_ADV_TRACE_PreSendHook	8	static
/home/victor/STM32CubeIDE/lrwan_v2.1.0_lora/Projects/NUCLEO-L073RZ/Applications/LoRaWAN/LoRaWAN_AT_Master/Core/Src/sys_app.c:322:6:UTIL_ADV_TRACE_PostSendHook	8	static
/home/victor/STM32CubeIDE/lrwan_v2.1.0_lora/Projects/NUCLEO-L073RZ/Applications/LoRaWAN/LoRaWAN_AT_Master/Core/Src/sys_app.c:345:19:HAL_InitTick	16	static
/home/victor/STM32CubeIDE/lrwan_v2.1.0_lora/Projects/NUCLEO-L073RZ/Applications/LoRaWAN/LoRaWAN_AT_Master/Core/Src/sys_app.c:362:10:HAL_GetTick	8	static
/home/victor/STM32CubeIDE/lrwan_v2.1.0_lora/Projects/NUCLEO-L073RZ/Applications/LoRaWAN/LoRaWAN_AT_Master/Core/Src/sys_app.c:378:6:HAL_Delay	16	static
